// Jest Snapshot v1, https://goo.gl/fbAQLP

exports[`Testing 404 Page Component should render correctly 1`] = `<NotFound />`;
