// Jest Snapshot v1, https://goo.gl/fbAQLP

exports[`Testing Header Component should render correctly 1`] = `
<styled.header>
  <h1>
    <Styled(Link)
      to="/"
    >
      Lorem Ipsum
    </Styled(Link)>
  </h1>
</styled.header>
`;
